Archive member included because of file (symbol)

c:/winavr-20100110/bin/../lib/gcc/avr/4.3.3/avr5\libgcc.a(_exit.o)
                              c:/winavr-20100110/bin/../lib/gcc/avr/4.3.3/../../../../avr/lib/avr5/crtm16.o (exit)
c:/winavr-20100110/bin/../lib/gcc/avr/4.3.3/avr5\libgcc.a(_copy_data.o)
                              ./APP/Transmitter_UART_APP_TEST/uart_app_test.o (__do_copy_data)
c:/winavr-20100110/bin/../lib/gcc/avr/4.3.3/avr5\libgcc.a(_clear_bss.o)
                              ./MCAL/UART/uart.o (__do_clear_bss)
c:/winavr-20100110/bin/../lib/gcc/avr/4.3.3/../../../../avr/lib/avr5\libc.a(strcmp.o)
                              ./MCAL/UART/uart.o (strcmp)
c:/winavr-20100110/bin/../lib/gcc/avr/4.3.3/../../../../avr/lib/avr5\libc.a(itoa.o)
                              ./HAL/LCD/lcd.o (itoa)
c:/winavr-20100110/bin/../lib/gcc/avr/4.3.3/../../../../avr/lib/avr5\libc.a(strrev.o)
                              c:/winavr-20100110/bin/../lib/gcc/avr/4.3.3/../../../../avr/lib/avr5\libc.a(itoa.o) (strrev)
c:/winavr-20100110/bin/../lib/gcc/avr/4.3.3/avr5\libgcc.a(_udivmodhi4.o)
                              c:/winavr-20100110/bin/../lib/gcc/avr/4.3.3/../../../../avr/lib/avr5\libc.a(itoa.o) (__udivmodhi4)

Allocating common symbols
Common symbol       size              file

UART_RX_Buffer      0x80              ./MCAL/UART/uart.o
UART_TX_Buffer      0x80              ./MCAL/UART/uart.o

Memory Configuration

Name             Origin             Length             Attributes
text             0x00000000         0x00020000         xr
data             0x00800060         0x0000ffa0         rw !x
eeprom           0x00810000         0x00010000         rw !x
fuse             0x00820000         0x00000400         rw !x
lock             0x00830000         0x00000400         rw !x
signature        0x00840000         0x00000400         rw !x
*default*        0x00000000         0xffffffff

Linker script and memory map

LOAD c:/winavr-20100110/bin/../lib/gcc/avr/4.3.3/../../../../avr/lib/avr5/crtm16.o
LOAD ./MCAL/UART/uart.o
LOAD ./MCAL/TIMER_0/timer0.o
LOAD ./MCAL/SPI/spi.o
LOAD ./MCAL/I2C/i2c.o
LOAD ./MCAL/DIO/DIO.o
LOAD ./MCAL/ADC/adc.o
LOAD ./HAL/LCD/lcd.o
LOAD ./HAL/KEYPAD/keypad.o
LOAD ./APP/i2c_app_test/i2c_app.o
LOAD ./APP/Transmitter_UART_APP_TEST/uart_app_test.o
LOAD ./APP/SPI_POLLING_TEST_TRANSMITTER/spi_polling_test_transmitter.o
LOAD ./APP/POTENTIOMETER/potentiometer.o
LOAD ./APP/LED_BLINKING_USING_TIMER0/time0_app_test.o
LOAD ./APP/LED_BLINK/dio_test.o
LOAD ./APP/LCD_TEST/lcd_test_app.o
LOAD ./APP/KEYPAD_LCD_APP/keypad_LCD_app.o
LOAD ./APP/BUTTON_LED_CONTROL/button_led_control.o
LOAD ./main.o
LOAD c:/winavr-20100110/bin/../lib/gcc/avr/4.3.3/avr5\libgcc.a
LOAD c:/winavr-20100110/bin/../lib/gcc/avr/4.3.3/../../../../avr/lib/avr5\libc.a
LOAD c:/winavr-20100110/bin/../lib/gcc/avr/4.3.3/avr5\libgcc.a

.hash
 *(.hash)

.dynsym
 *(.dynsym)

.dynstr
 *(.dynstr)

.gnu.version
 *(.gnu.version)

.gnu.version_d
 *(.gnu.version_d)

.gnu.version_r
 *(.gnu.version_r)

.rel.init
 *(.rel.init)

.rela.init
 *(.rela.init)

.rel.text
 *(.rel.text)
 *(.rel.text.*)
 *(.rel.gnu.linkonce.t*)

.rela.text
 *(.rela.text)
 *(.rela.text.*)
 *(.rela.gnu.linkonce.t*)

.rel.fini
 *(.rel.fini)

.rela.fini
 *(.rela.fini)

.rel.rodata
 *(.rel.rodata)
 *(.rel.rodata.*)
 *(.rel.gnu.linkonce.r*)

.rela.rodata
 *(.rela.rodata)
 *(.rela.rodata.*)
 *(.rela.gnu.linkonce.r*)

.rel.data
 *(.rel.data)
 *(.rel.data.*)
 *(.rel.gnu.linkonce.d*)

.rela.data
 *(.rela.data)
 *(.rela.data.*)
 *(.rela.gnu.linkonce.d*)

.rel.ctors
 *(.rel.ctors)

.rela.ctors
 *(.rela.ctors)

.rel.dtors
 *(.rel.dtors)

.rela.dtors
 *(.rela.dtors)

.rel.got
 *(.rel.got)

.rela.got
 *(.rela.got)

.rel.bss
 *(.rel.bss)

.rela.bss
 *(.rela.bss)

.rel.plt
 *(.rel.plt)

.rela.plt
 *(.rela.plt)

.text           0x00000000      0xe16
 *(.vectors)
 .vectors       0x00000000       0x54 c:/winavr-20100110/bin/../lib/gcc/avr/4.3.3/../../../../avr/lib/avr5/crtm16.o
                0x00000000                __vectors
                0x00000000                __vector_default
 *(.vectors)
 *(.progmem.gcc*)
 *(.progmem*)
                0x00000054                . = ALIGN (0x2)
                0x00000054                __trampolines_start = .
 *(.trampolines)
 .trampolines   0x00000054        0x0 linker stubs
 *(.trampolines*)
                0x00000054                __trampolines_end = .
 *(.jumptables)
 *(.jumptables*)
 *(.lowtext)
 *(.lowtext*)
                0x00000054                __ctors_start = .
 *(.ctors)
                0x00000054                __ctors_end = .
                0x00000054                __dtors_start = .
 *(.dtors)
                0x00000054                __dtors_end = .
 SORT(*)(.ctors)
 SORT(*)(.dtors)
 *(.init0)
 .init0         0x00000054        0x0 c:/winavr-20100110/bin/../lib/gcc/avr/4.3.3/../../../../avr/lib/avr5/crtm16.o
                0x00000054                __init
 *(.init0)
 *(.init1)
 *(.init1)
 *(.init2)
 .init2         0x00000054        0xc c:/winavr-20100110/bin/../lib/gcc/avr/4.3.3/../../../../avr/lib/avr5/crtm16.o
 *(.init2)
 *(.init3)
 *(.init3)
 *(.init4)
 .init4         0x00000060       0x16 c:/winavr-20100110/bin/../lib/gcc/avr/4.3.3/avr5\libgcc.a(_copy_data.o)
                0x00000060                __do_copy_data
 .init4         0x00000076       0x10 c:/winavr-20100110/bin/../lib/gcc/avr/4.3.3/avr5\libgcc.a(_clear_bss.o)
                0x00000076                __do_clear_bss
 *(.init4)
 *(.init5)
 *(.init5)
 *(.init6)
 *(.init6)
 *(.init7)
 *(.init7)
 *(.init8)
 *(.init8)
 *(.init9)
 .init9         0x00000086        0x8 c:/winavr-20100110/bin/../lib/gcc/avr/4.3.3/../../../../avr/lib/avr5/crtm16.o
 *(.init9)
 *(.text)
 .text          0x0000008e        0x4 c:/winavr-20100110/bin/../lib/gcc/avr/4.3.3/../../../../avr/lib/avr5/crtm16.o
                0x0000008e                __vector_1
                0x0000008e                __vector_12
                0x0000008e                __bad_interrupt
                0x0000008e                __vector_6
                0x0000008e                __vector_3
                0x0000008e                __vector_17
                0x0000008e                __vector_7
                0x0000008e                __vector_5
                0x0000008e                __vector_4
                0x0000008e                __vector_9
                0x0000008e                __vector_2
                0x0000008e                __vector_15
                0x0000008e                __vector_8
                0x0000008e                __vector_14
                0x0000008e                __vector_16
                0x0000008e                __vector_18
                0x0000008e                __vector_20
 .text          0x00000092        0x0 ./MCAL/UART/uart.o
 .text          0x00000092        0x0 ./MCAL/TIMER_0/timer0.o
 .text          0x00000092        0x0 ./MCAL/SPI/spi.o
 .text          0x00000092        0x0 ./MCAL/I2C/i2c.o
 .text          0x00000092        0x0 ./MCAL/DIO/DIO.o
 .text          0x00000092        0x0 ./MCAL/ADC/adc.o
 .text          0x00000092        0x0 ./HAL/LCD/lcd.o
 .text          0x00000092        0x0 ./HAL/KEYPAD/keypad.o
 .text          0x00000092        0x0 ./APP/i2c_app_test/i2c_app.o
 .text          0x00000092        0x0 ./APP/Transmitter_UART_APP_TEST/uart_app_test.o
 .text          0x00000092        0x0 ./APP/SPI_POLLING_TEST_TRANSMITTER/spi_polling_test_transmitter.o
 .text          0x00000092        0x0 ./APP/POTENTIOMETER/potentiometer.o
 .text          0x00000092        0x0 ./APP/LED_BLINKING_USING_TIMER0/time0_app_test.o
 .text          0x00000092        0x0 ./APP/LED_BLINK/dio_test.o
 .text          0x00000092        0x0 ./APP/LCD_TEST/lcd_test_app.o
 .text          0x00000092        0x0 ./APP/KEYPAD_LCD_APP/keypad_LCD_app.o
 .text          0x00000092        0x0 ./APP/BUTTON_LED_CONTROL/button_led_control.o
 .text          0x00000092        0x0 ./main.o
 .text          0x00000092        0x0 c:/winavr-20100110/bin/../lib/gcc/avr/4.3.3/avr5\libgcc.a(_exit.o)
 .text          0x00000092        0x0 c:/winavr-20100110/bin/../lib/gcc/avr/4.3.3/avr5\libgcc.a(_copy_data.o)
 .text          0x00000092        0x0 c:/winavr-20100110/bin/../lib/gcc/avr/4.3.3/avr5\libgcc.a(_clear_bss.o)
 .text          0x00000092        0x0 c:/winavr-20100110/bin/../lib/gcc/avr/4.3.3/../../../../avr/lib/avr5\libc.a(strcmp.o)
 .text          0x00000092        0x0 c:/winavr-20100110/bin/../lib/gcc/avr/4.3.3/../../../../avr/lib/avr5\libc.a(itoa.o)
 .text          0x00000092        0x0 c:/winavr-20100110/bin/../lib/gcc/avr/4.3.3/../../../../avr/lib/avr5\libc.a(strrev.o)
 .text          0x00000092        0x0 c:/winavr-20100110/bin/../lib/gcc/avr/4.3.3/avr5\libgcc.a(_udivmodhi4.o)
                0x00000092                . = ALIGN (0x2)
 *(.text.*)
 .text.__vector_11
                0x00000092       0x5c ./MCAL/UART/uart.o
                0x00000092                __vector_11
 .text.__vector_13
                0x000000ee       0x66 ./MCAL/UART/uart.o
                0x000000ee                __vector_13
 .text.UART_init
                0x00000154       0x72 ./MCAL/UART/uart.o
                0x00000154                UART_init
 .text.UART_TX_AppendSerial
                0x000001c6       0x1a ./MCAL/UART/uart.o
                0x000001c6                UART_TX_AppendSerial
 .text.UART_SerialRead
                0x000001e0       0x4e ./MCAL/UART/uart.o
                0x000001e0                UART_SerialRead
 .text.UART_SerialWrite
                0x0000022e       0x5e ./MCAL/UART/uart.o
                0x0000022e                UART_SerialWrite
 .text.__vector_19
                0x0000028c       0x52 ./MCAL/TIMER_0/timer0.o
                0x0000028c                __vector_19
 .text.timer0_start
                0x000002de       0x18 ./MCAL/TIMER_0/timer0.o
                0x000002de                timer0_start
 .text.timer0_stop
                0x000002f6        0x8 ./MCAL/TIMER_0/timer0.o
                0x000002f6                timer0_stop
 .text.timer0_setCallBack
                0x000002fe        0xa ./MCAL/TIMER_0/timer0.o
                0x000002fe                timer0_setCallBack
 .text.timer0_init
                0x00000308       0x58 ./MCAL/TIMER_0/timer0.o
                0x00000308                timer0_init
 .text.__vector_10
                0x00000360       0x52 ./MCAL/SPI/spi.o
                0x00000360                __vector_10
 .text.SPI_sendByte
                0x000003b2        0x8 ./MCAL/SPI/spi.o
                0x000003b2                SPI_sendByte
 .text.SPI_recieveByte
                0x000003ba        0x8 ./MCAL/SPI/spi.o
                0x000003ba                SPI_recieveByte
 .text.SPI_sendString
                0x000003c2       0x1a ./MCAL/SPI/spi.o
                0x000003c2                SPI_sendString
 .text.SPI_receiveString
                0x000003dc       0x2e ./MCAL/SPI/spi.o
                0x000003dc                SPI_receiveString
 .text.SPI_setCallBack
                0x0000040a        0xa ./MCAL/SPI/spi.o
                0x0000040a                SPI_setCallBack
 .text.SPI_initMaster
                0x00000414       0x56 ./MCAL/SPI/spi.o
                0x00000414                SPI_initMaster
 .text.TWI_init
                0x0000046a        0xe ./MCAL/I2C/i2c.o
                0x0000046a                TWI_init
 .text.TWI_start
                0x00000478        0xc ./MCAL/I2C/i2c.o
                0x00000478                TWI_start
 .text.TWI_stop
                0x00000484        0x6 ./MCAL/I2C/i2c.o
                0x00000484                TWI_stop
 .text.TWI_write
                0x0000048a        0xe ./MCAL/I2C/i2c.o
                0x0000048a                TWI_write
 .text.TWI_readWithACK
                0x00000498        0xe ./MCAL/I2C/i2c.o
                0x00000498                TWI_readWithACK
 .text.TWI_readWithNACK
                0x000004a6        0xe ./MCAL/I2C/i2c.o
                0x000004a6                TWI_readWithNACK
 .text.TWI_sendByte
                0x000004b4       0x48 ./MCAL/I2C/i2c.o
                0x000004b4                TWI_sendByte
 .text.TWI_getStatus
                0x000004fc        0x6 ./MCAL/I2C/i2c.o
                0x000004fc                TWI_getStatus
 .text.set_pin_dir
                0x00000502      0x184 ./MCAL/DIO/DIO.o
                0x00000502                set_pin_dir
 .text.set_pin_state
                0x00000686       0xfc ./MCAL/DIO/DIO.o
                0x00000686                set_pin_state
 .text.read_pin
                0x00000782       0x4c ./MCAL/DIO/DIO.o
                0x00000782                read_pin
 .text.set_port_dir
                0x000007ce       0x22 ./MCAL/DIO/DIO.o
                0x000007ce                set_port_dir
 .text.set_port_state
                0x000007f0       0x22 ./MCAL/DIO/DIO.o
                0x000007f0                set_port_state
 .text.adc_init
                0x00000812       0x34 ./MCAL/ADC/adc.o
                0x00000812                adc_init
 .text.adc_readChannel
                0x00000846       0x1e ./MCAL/ADC/adc.o
                0x00000846                adc_readChannel
 .text.LCD_displayCharacter
                0x00000864       0x88 ./HAL/LCD/lcd.o
                0x00000864                LCD_displayCharacter
 .text.LCD_displayString
                0x000008ec       0x26 ./HAL/LCD/lcd.o
                0x000008ec                LCD_displayString
 .text.LCD_intgerToString
                0x00000912       0x44 ./HAL/LCD/lcd.o
                0x00000912                LCD_intgerToString
 .text.LCD_sendCommand
                0x00000956       0x88 ./HAL/LCD/lcd.o
                0x00000956                LCD_sendCommand
 .text.LCD_goToRowColumn
                0x000009de       0x28 ./HAL/LCD/lcd.o
                0x000009de                LCD_goToRowColumn
 .text.LCD_displayStringRowColumn
                0x00000a06       0x16 ./HAL/LCD/lcd.o
                0x00000a06                LCD_displayStringRowColumn
 .text.LCD_clearScreen
                0x00000a1c        0x8 ./HAL/LCD/lcd.o
                0x00000a1c                LCD_clearScreen
 .text.LCD_init
                0x00000a24       0x38 ./HAL/LCD/lcd.o
                0x00000a24                LCD_init
 .text.KeyPad_getPressedKey
                0x00000a5c       0xe6 ./HAL/KEYPAD/keypad.o
                0x00000a5c                KeyPad_getPressedKey
 .text.i2c_app_test
                0x00000b42       0x32 ./APP/i2c_app_test/i2c_app.o
                0x00000b42                i2c_app_test
 .text.uart_app_test
                0x00000b74       0x38 ./APP/Transmitter_UART_APP_TEST/uart_app_test.o
                0x00000b74                uart_app_test
 .text.spi_polling_transmitter_test
                0x00000bac       0x20 ./APP/SPI_POLLING_TEST_TRANSMITTER/spi_polling_test_transmitter.o
                0x00000bac                spi_polling_transmitter_test
 .text.potentiometer_app
                0x00000bcc       0x4a ./APP/POTENTIOMETER/potentiometer.o
                0x00000bcc                potentiometer_app
 .text.blinking_app
                0x00000c16       0x2c ./APP/LED_BLINKING_USING_TIMER0/time0_app_test.o
                0x00000c16                blinking_app
 .text.timer0_app
                0x00000c42       0x52 ./APP/LED_BLINKING_USING_TIMER0/time0_app_test.o
                0x00000c42                timer0_app
 .text.dio_app  0x00000c94       0x46 ./APP/LED_BLINK/dio_test.o
                0x00000c94                dio_app
 .text.lcd_test_app
                0x00000cda       0x12 ./APP/LCD_TEST/lcd_test_app.o
                0x00000cda                lcd_test_app
 .text.keypad_lcd_app_test
                0x00000cec       0x30 ./APP/KEYPAD_LCD_APP/keypad_LCD_app.o
                0x00000cec                keypad_lcd_app_test
 .text.control_led
                0x00000d1c       0x50 ./APP/BUTTON_LED_CONTROL/button_led_control.o
                0x00000d1c                control_led
 .text.main     0x00000d6c        0xa ./main.o
                0x00000d6c                main
 .text.libgcc   0x00000d76        0x0 c:/winavr-20100110/bin/../lib/gcc/avr/4.3.3/avr5\libgcc.a(_exit.o)
 .text.libgcc   0x00000d76        0x0 c:/winavr-20100110/bin/../lib/gcc/avr/4.3.3/avr5\libgcc.a(_copy_data.o)
 .text.libgcc   0x00000d76        0x0 c:/winavr-20100110/bin/../lib/gcc/avr/4.3.3/avr5\libgcc.a(_clear_bss.o)
 .text.avr-libc
                0x00000d76       0x12 c:/winavr-20100110/bin/../lib/gcc/avr/4.3.3/../../../../avr/lib/avr5\libc.a(strcmp.o)
                0x00000d76                strcmp
 .text.avr-libc
                0x00000d88       0x42 c:/winavr-20100110/bin/../lib/gcc/avr/4.3.3/../../../../avr/lib/avr5\libc.a(itoa.o)
                0x00000d88                itoa
 .text.avr-libc
                0x00000dca       0x20 c:/winavr-20100110/bin/../lib/gcc/avr/4.3.3/../../../../avr/lib/avr5\libc.a(strrev.o)
                0x00000dca                strrev
 .text.libgcc   0x00000dea       0x28 c:/winavr-20100110/bin/../lib/gcc/avr/4.3.3/avr5\libgcc.a(_udivmodhi4.o)
                0x00000dea                __udivmodhi4
                0x00000e12                . = ALIGN (0x2)
 *(.fini9)
 .fini9         0x00000e12        0x0 c:/winavr-20100110/bin/../lib/gcc/avr/4.3.3/avr5\libgcc.a(_exit.o)
                0x00000e12                exit
                0x00000e12                _exit
 *(.fini9)
 *(.fini8)
 *(.fini8)
 *(.fini7)
 *(.fini7)
 *(.fini6)
 *(.fini6)
 *(.fini5)
 *(.fini5)
 *(.fini4)
 *(.fini4)
 *(.fini3)
 *(.fini3)
 *(.fini2)
 *(.fini2)
 *(.fini1)
 *(.fini1)
 *(.fini0)
 .fini0         0x00000e12        0x4 c:/winavr-20100110/bin/../lib/gcc/avr/4.3.3/avr5\libgcc.a(_exit.o)
 *(.fini0)
                0x00000e16                _etext = .

.data           0x00800060       0x1e load address 0x00000e16
                0x00800060                PROVIDE (__data_start, .)
 *(.data)
 .data          0x00800060        0x0 c:/winavr-20100110/bin/../lib/gcc/avr/4.3.3/../../../../avr/lib/avr5/crtm16.o
 .data          0x00800060        0x0 ./MCAL/UART/uart.o
 .data          0x00800060        0x0 ./MCAL/TIMER_0/timer0.o
 .data          0x00800060        0x0 ./MCAL/SPI/spi.o
 .data          0x00800060        0x0 ./MCAL/I2C/i2c.o
 .data          0x00800060        0x0 ./MCAL/DIO/DIO.o
 .data          0x00800060        0x0 ./MCAL/ADC/adc.o
 .data          0x00800060        0x0 ./HAL/LCD/lcd.o
 .data          0x00800060        0x0 ./HAL/KEYPAD/keypad.o
 .data          0x00800060        0x0 ./APP/i2c_app_test/i2c_app.o
 .data          0x00800060        0xe ./APP/Transmitter_UART_APP_TEST/uart_app_test.o
 .data          0x0080006e        0x0 ./APP/SPI_POLLING_TEST_TRANSMITTER/spi_polling_test_transmitter.o
 .data          0x0080006e        0x0 ./APP/POTENTIOMETER/potentiometer.o
 .data          0x0080006e        0x0 ./APP/LED_BLINKING_USING_TIMER0/time0_app_test.o
 .data          0x0080006e        0x0 ./APP/LED_BLINK/dio_test.o
 .data          0x0080006e        0x6 ./APP/LCD_TEST/lcd_test_app.o
 .data          0x00800074        0x0 ./APP/KEYPAD_LCD_APP/keypad_LCD_app.o
 .data          0x00800074        0x0 ./APP/BUTTON_LED_CONTROL/button_led_control.o
 .data          0x00800074        0x0 ./main.o
 .data          0x00800074        0x0 c:/winavr-20100110/bin/../lib/gcc/avr/4.3.3/avr5\libgcc.a(_exit.o)
 .data          0x00800074        0x0 c:/winavr-20100110/bin/../lib/gcc/avr/4.3.3/avr5\libgcc.a(_copy_data.o)
 .data          0x00800074        0x0 c:/winavr-20100110/bin/../lib/gcc/avr/4.3.3/avr5\libgcc.a(_clear_bss.o)
 .data          0x00800074        0x0 c:/winavr-20100110/bin/../lib/gcc/avr/4.3.3/../../../../avr/lib/avr5\libc.a(strcmp.o)
 .data          0x00800074        0x0 c:/winavr-20100110/bin/../lib/gcc/avr/4.3.3/../../../../avr/lib/avr5\libc.a(itoa.o)
 .data          0x00800074        0x0 c:/winavr-20100110/bin/../lib/gcc/avr/4.3.3/../../../../avr/lib/avr5\libc.a(strrev.o)
 .data          0x00800074        0x0 c:/winavr-20100110/bin/../lib/gcc/avr/4.3.3/avr5\libgcc.a(_udivmodhi4.o)
 *(.data*)
 *(.rodata)
 *(.rodata*)
 .rodata.C.0.1415
                0x00800074        0x3 ./APP/Transmitter_UART_APP_TEST/uart_app_test.o
 .rodata.C.0.1355
                0x00800077        0x3 ./APP/POTENTIOMETER/potentiometer.o
 .rodata.C.2.1364
                0x0080007a        0x3 ./APP/LED_BLINKING_USING_TIMER0/time0_app_test.o
 *(.gnu.linkonce.d*)
                0x0080007e                . = ALIGN (0x2)
 *fill*         0x0080007d        0x1 00
                0x0080007e                _edata = .
                0x0080007e                PROVIDE (__data_end, .)

.bss            0x0080007e      0x10c
                0x0080007e                PROVIDE (__bss_start, .)
 *(.bss)
 .bss           0x0080007e        0x0 c:/winavr-20100110/bin/../lib/gcc/avr/4.3.3/../../../../avr/lib/avr5/crtm16.o
 .bss           0x0080007e        0x0 ./MCAL/UART/uart.o
 .bss           0x0080007e        0x0 ./MCAL/TIMER_0/timer0.o
 .bss           0x0080007e        0x0 ./MCAL/SPI/spi.o
 .bss           0x0080007e        0x0 ./MCAL/I2C/i2c.o
 .bss           0x0080007e        0x0 ./MCAL/DIO/DIO.o
 .bss           0x0080007e        0x0 ./MCAL/ADC/adc.o
 .bss           0x0080007e        0x0 ./HAL/LCD/lcd.o
 .bss           0x0080007e        0x0 ./HAL/KEYPAD/keypad.o
 .bss           0x0080007e        0x0 ./APP/i2c_app_test/i2c_app.o
 .bss           0x0080007e        0x0 ./APP/Transmitter_UART_APP_TEST/uart_app_test.o
 .bss           0x0080007e        0x0 ./APP/SPI_POLLING_TEST_TRANSMITTER/spi_polling_test_transmitter.o
 .bss           0x0080007e        0x0 ./APP/POTENTIOMETER/potentiometer.o
 .bss           0x0080007e        0x0 ./APP/LED_BLINKING_USING_TIMER0/time0_app_test.o
 .bss           0x0080007e        0x0 ./APP/LED_BLINK/dio_test.o
 .bss           0x0080007e        0x0 ./APP/LCD_TEST/lcd_test_app.o
 .bss           0x0080007e        0x0 ./APP/KEYPAD_LCD_APP/keypad_LCD_app.o
 .bss           0x0080007e        0x0 ./APP/BUTTON_LED_CONTROL/button_led_control.o
 .bss           0x0080007e        0x0 ./main.o
 .bss           0x0080007e        0x0 c:/winavr-20100110/bin/../lib/gcc/avr/4.3.3/avr5\libgcc.a(_exit.o)
 .bss           0x0080007e        0x0 c:/winavr-20100110/bin/../lib/gcc/avr/4.3.3/avr5\libgcc.a(_copy_data.o)
 .bss           0x0080007e        0x0 c:/winavr-20100110/bin/../lib/gcc/avr/4.3.3/avr5\libgcc.a(_clear_bss.o)
 .bss           0x0080007e        0x0 c:/winavr-20100110/bin/../lib/gcc/avr/4.3.3/../../../../avr/lib/avr5\libc.a(strcmp.o)
 .bss           0x0080007e        0x0 c:/winavr-20100110/bin/../lib/gcc/avr/4.3.3/../../../../avr/lib/avr5\libc.a(itoa.o)
 .bss           0x0080007e        0x0 c:/winavr-20100110/bin/../lib/gcc/avr/4.3.3/../../../../avr/lib/avr5\libc.a(strrev.o)
 .bss           0x0080007e        0x0 c:/winavr-20100110/bin/../lib/gcc/avr/4.3.3/avr5\libgcc.a(_udivmodhi4.o)
 *(.bss*)
 .bss.f_UART_RecieveComplete
                0x0080007e        0x1 ./MCAL/UART/uart.o
 .bss.UART_RX_WritePos
                0x0080007f        0x1 ./MCAL/UART/uart.o
 .bss.UART_RX_ReadPos
                0x00800080        0x1 ./MCAL/UART/uart.o
 .bss.f_UART_ReadFlag
                0x00800081        0x1 ./MCAL/UART/uart.o
 .bss.UART_TX_WritePos
                0x00800082        0x1 ./MCAL/UART/uart.o
 .bss.UART_TX_ReadPos
                0x00800083        0x1 ./MCAL/UART/uart.o
 .bss.UART_ReadByte
                0x00800084        0x1 ./MCAL/UART/uart.o
 .bss.g_callbackPtr
                0x00800085        0x2 ./MCAL/TIMER_0/timer0.o
 .bss.g_callbackPtr
                0x00800087        0x2 ./MCAL/SPI/spi.o
 .bss.tick      0x00800089        0x1 ./APP/LED_BLINKING_USING_TIMER0/time0_app_test.o
                0x00800089                tick
 *(COMMON)
 COMMON         0x0080008a      0x100 ./MCAL/UART/uart.o
                0x0080008a                UART_RX_Buffer
                0x0080010a                UART_TX_Buffer
                0x0080018a                PROVIDE (__bss_end, .)
                0x00000e16                __data_load_start = LOADADDR (.data)
                0x00000e34                __data_load_end = (__data_load_start + SIZEOF (.data))

.noinit         0x0080018a        0x0
                0x0080018a                PROVIDE (__noinit_start, .)
 *(.noinit*)
                0x0080018a                PROVIDE (__noinit_end, .)
                0x0080018a                _end = .
                0x0080018a                PROVIDE (__heap_start, .)

.eeprom         0x00810000        0x0
 *(.eeprom*)
                0x00810000                __eeprom_end = .

.fuse
 *(.fuse)
 *(.lfuse)
 *(.hfuse)
 *(.efuse)

.lock
 *(.lock*)

.signature
 *(.signature*)

.stab
 *(.stab)

.stabstr
 *(.stabstr)

.stab.excl
 *(.stab.excl)

.stab.exclstr
 *(.stab.exclstr)

.stab.index
 *(.stab.index)

.stab.indexstr
 *(.stab.indexstr)

.comment
 *(.comment)

.debug
 *(.debug)

.line
 *(.line)

.debug_srcinfo
 *(.debug_srcinfo)

.debug_sfnames
 *(.debug_sfnames)

.debug_aranges
 *(.debug_aranges)

.debug_pubnames
 *(.debug_pubnames)

.debug_info
 *(.debug_info)
 *(.gnu.linkonce.wi.*)

.debug_abbrev
 *(.debug_abbrev)

.debug_line
 *(.debug_line)

.debug_frame
 *(.debug_frame)

.debug_str
 *(.debug_str)

.debug_loc
 *(.debug_loc)

.debug_macinfo
 *(.debug_macinfo)
OUTPUT(avr_layered_architecture.elf elf32-avr)
LOAD linker stubs
