Archive member included because of file (symbol)

c:/winavr-20100110/bin/../lib/gcc/avr/4.3.3/avr5\libgcc.a(_exit.o)
                              c:/winavr-20100110/bin/../lib/gcc/avr/4.3.3/../../../../avr/lib/avr5/crtm16.o (exit)
c:/winavr-20100110/bin/../lib/gcc/avr/4.3.3/avr5\libgcc.a(_copy_data.o)
                              ./APP/POTENTIOMETER/potentiometer.o (__do_copy_data)
c:/winavr-20100110/bin/../lib/gcc/avr/4.3.3/avr5\libgcc.a(_clear_bss.o)
                              ./MCAL/TIMER_0/timer0.o (__do_clear_bss)
c:/winavr-20100110/bin/../lib/gcc/avr/4.3.3/../../../../avr/lib/avr5\libc.a(itoa.o)
                              ./HAL/LCD/lcd.o (itoa)
c:/winavr-20100110/bin/../lib/gcc/avr/4.3.3/../../../../avr/lib/avr5\libc.a(strrev.o)
                              c:/winavr-20100110/bin/../lib/gcc/avr/4.3.3/../../../../avr/lib/avr5\libc.a(itoa.o) (strrev)
c:/winavr-20100110/bin/../lib/gcc/avr/4.3.3/avr5\libgcc.a(_udivmodhi4.o)
                              c:/winavr-20100110/bin/../lib/gcc/avr/4.3.3/../../../../avr/lib/avr5\libc.a(itoa.o) (__udivmodhi4)

Memory Configuration

Name             Origin             Length             Attributes
text             0x00000000         0x00020000         xr
data             0x00800060         0x0000ffa0         rw !x
eeprom           0x00810000         0x00010000         rw !x
fuse             0x00820000         0x00000400         rw !x
lock             0x00830000         0x00000400         rw !x
signature        0x00840000         0x00000400         rw !x
*default*        0x00000000         0xffffffff

Linker script and memory map

LOAD c:/winavr-20100110/bin/../lib/gcc/avr/4.3.3/../../../../avr/lib/avr5/crtm16.o
LOAD ./MCAL/TIMER_0/timer0.o
LOAD ./MCAL/DIO/DIO.o
LOAD ./MCAL/ADC/adc.o
LOAD ./HAL/LCD/lcd.o
LOAD ./APP/POTENTIOMETER/potentiometer.o
LOAD ./APP/LED_BLINKING_USING_TIMER0/time0_app_test.o
LOAD ./APP/LED_BLINK/dio_test.o
LOAD ./APP/LCD_TEST/lcd_test_app.o
LOAD ./APP/BUTTON_LED_CONTROL/button_led_control.o
LOAD ./main.o
LOAD c:/winavr-20100110/bin/../lib/gcc/avr/4.3.3/avr5\libgcc.a
LOAD c:/winavr-20100110/bin/../lib/gcc/avr/4.3.3/../../../../avr/lib/avr5\libc.a
LOAD c:/winavr-20100110/bin/../lib/gcc/avr/4.3.3/avr5\libgcc.a

.hash
 *(.hash)

.dynsym
 *(.dynsym)

.dynstr
 *(.dynstr)

.gnu.version
 *(.gnu.version)

.gnu.version_d
 *(.gnu.version_d)

.gnu.version_r
 *(.gnu.version_r)

.rel.init
 *(.rel.init)

.rela.init
 *(.rela.init)

.rel.text
 *(.rel.text)
 *(.rel.text.*)
 *(.rel.gnu.linkonce.t*)

.rela.text
 *(.rela.text)
 *(.rela.text.*)
 *(.rela.gnu.linkonce.t*)

.rel.fini
 *(.rel.fini)

.rela.fini
 *(.rela.fini)

.rel.rodata
 *(.rel.rodata)
 *(.rel.rodata.*)
 *(.rel.gnu.linkonce.r*)

.rela.rodata
 *(.rela.rodata)
 *(.rela.rodata.*)
 *(.rela.gnu.linkonce.r*)

.rel.data
 *(.rel.data)
 *(.rel.data.*)
 *(.rel.gnu.linkonce.d*)

.rela.data
 *(.rela.data)
 *(.rela.data.*)
 *(.rela.gnu.linkonce.d*)

.rel.ctors
 *(.rel.ctors)

.rela.ctors
 *(.rela.ctors)

.rel.dtors
 *(.rel.dtors)

.rela.dtors
 *(.rela.dtors)

.rel.got
 *(.rel.got)

.rela.got
 *(.rela.got)

.rel.bss
 *(.rel.bss)

.rela.bss
 *(.rela.bss)

.rel.plt
 *(.rel.plt)

.rela.plt
 *(.rela.plt)

.text           0x00000000      0x8c8
 *(.vectors)
 .vectors       0x00000000       0x54 c:/winavr-20100110/bin/../lib/gcc/avr/4.3.3/../../../../avr/lib/avr5/crtm16.o
                0x00000000                __vectors
                0x00000000                __vector_default
 *(.vectors)
 *(.progmem.gcc*)
 *(.progmem*)
                0x00000054                . = ALIGN (0x2)
                0x00000054                __trampolines_start = .
 *(.trampolines)
 .trampolines   0x00000054        0x0 linker stubs
 *(.trampolines*)
                0x00000054                __trampolines_end = .
 *(.jumptables)
 *(.jumptables*)
 *(.lowtext)
 *(.lowtext*)
                0x00000054                __ctors_start = .
 *(.ctors)
                0x00000054                __ctors_end = .
                0x00000054                __dtors_start = .
 *(.dtors)
                0x00000054                __dtors_end = .
 SORT(*)(.ctors)
 SORT(*)(.dtors)
 *(.init0)
 .init0         0x00000054        0x0 c:/winavr-20100110/bin/../lib/gcc/avr/4.3.3/../../../../avr/lib/avr5/crtm16.o
                0x00000054                __init
 *(.init0)
 *(.init1)
 *(.init1)
 *(.init2)
 .init2         0x00000054        0xc c:/winavr-20100110/bin/../lib/gcc/avr/4.3.3/../../../../avr/lib/avr5/crtm16.o
 *(.init2)
 *(.init3)
 *(.init3)
 *(.init4)
 .init4         0x00000060       0x16 c:/winavr-20100110/bin/../lib/gcc/avr/4.3.3/avr5\libgcc.a(_copy_data.o)
                0x00000060                __do_copy_data
 .init4         0x00000076       0x10 c:/winavr-20100110/bin/../lib/gcc/avr/4.3.3/avr5\libgcc.a(_clear_bss.o)
                0x00000076                __do_clear_bss
 *(.init4)
 *(.init5)
 *(.init5)
 *(.init6)
 *(.init6)
 *(.init7)
 *(.init7)
 *(.init8)
 *(.init8)
 *(.init9)
 .init9         0x00000086        0x8 c:/winavr-20100110/bin/../lib/gcc/avr/4.3.3/../../../../avr/lib/avr5/crtm16.o
 *(.init9)
 *(.text)
 .text          0x0000008e        0x4 c:/winavr-20100110/bin/../lib/gcc/avr/4.3.3/../../../../avr/lib/avr5/crtm16.o
                0x0000008e                __vector_1
                0x0000008e                __vector_12
                0x0000008e                __bad_interrupt
                0x0000008e                __vector_6
                0x0000008e                __vector_3
                0x0000008e                __vector_11
                0x0000008e                __vector_13
                0x0000008e                __vector_17
                0x0000008e                __vector_7
                0x0000008e                __vector_5
                0x0000008e                __vector_4
                0x0000008e                __vector_9
                0x0000008e                __vector_2
                0x0000008e                __vector_15
                0x0000008e                __vector_8
                0x0000008e                __vector_14
                0x0000008e                __vector_10
                0x0000008e                __vector_16
                0x0000008e                __vector_18
                0x0000008e                __vector_20
 .text          0x00000092        0x0 ./MCAL/TIMER_0/timer0.o
 .text          0x00000092        0x0 ./MCAL/DIO/DIO.o
 .text          0x00000092        0x0 ./MCAL/ADC/adc.o
 .text          0x00000092        0x0 ./HAL/LCD/lcd.o
 .text          0x00000092        0x0 ./APP/POTENTIOMETER/potentiometer.o
 .text          0x00000092        0x0 ./APP/LED_BLINKING_USING_TIMER0/time0_app_test.o
 .text          0x00000092        0x0 ./APP/LED_BLINK/dio_test.o
 .text          0x00000092        0x0 ./APP/LCD_TEST/lcd_test_app.o
 .text          0x00000092        0x0 ./APP/BUTTON_LED_CONTROL/button_led_control.o
 .text          0x00000092        0x0 ./main.o
 .text          0x00000092        0x0 c:/winavr-20100110/bin/../lib/gcc/avr/4.3.3/avr5\libgcc.a(_exit.o)
 .text          0x00000092        0x0 c:/winavr-20100110/bin/../lib/gcc/avr/4.3.3/avr5\libgcc.a(_copy_data.o)
 .text          0x00000092        0x0 c:/winavr-20100110/bin/../lib/gcc/avr/4.3.3/avr5\libgcc.a(_clear_bss.o)
 .text          0x00000092        0x0 c:/winavr-20100110/bin/../lib/gcc/avr/4.3.3/../../../../avr/lib/avr5\libc.a(itoa.o)
 .text          0x00000092        0x0 c:/winavr-20100110/bin/../lib/gcc/avr/4.3.3/../../../../avr/lib/avr5\libc.a(strrev.o)
 .text          0x00000092        0x0 c:/winavr-20100110/bin/../lib/gcc/avr/4.3.3/avr5\libgcc.a(_udivmodhi4.o)
                0x00000092                . = ALIGN (0x2)
 *(.text.*)
 .text.__vector_19
                0x00000092       0x52 ./MCAL/TIMER_0/timer0.o
                0x00000092                __vector_19
 .text.timer0_start
                0x000000e4       0x18 ./MCAL/TIMER_0/timer0.o
                0x000000e4                timer0_start
 .text.timer0_stop
                0x000000fc        0x8 ./MCAL/TIMER_0/timer0.o
                0x000000fc                timer0_stop
 .text.timer0_setCallBack
                0x00000104        0xa ./MCAL/TIMER_0/timer0.o
                0x00000104                timer0_setCallBack
 .text.timer0_init
                0x0000010e       0x58 ./MCAL/TIMER_0/timer0.o
                0x0000010e                timer0_init
 .text.set_pin_dir
                0x00000166      0x184 ./MCAL/DIO/DIO.o
                0x00000166                set_pin_dir
 .text.set_pin_state
                0x000002ea       0xfc ./MCAL/DIO/DIO.o
                0x000002ea                set_pin_state
 .text.read_pin
                0x000003e6       0x4c ./MCAL/DIO/DIO.o
                0x000003e6                read_pin
 .text.set_port_dir
                0x00000432       0x22 ./MCAL/DIO/DIO.o
                0x00000432                set_port_dir
 .text.set_port_state
                0x00000454       0x22 ./MCAL/DIO/DIO.o
                0x00000454                set_port_state
 .text.adc_init
                0x00000476       0x34 ./MCAL/ADC/adc.o
                0x00000476                adc_init
 .text.adc_readChannel
                0x000004aa       0x1e ./MCAL/ADC/adc.o
                0x000004aa                adc_readChannel
 .text.LCD_displayCharacter
                0x000004c8       0x88 ./HAL/LCD/lcd.o
                0x000004c8                LCD_displayCharacter
 .text.LCD_displayString
                0x00000550       0x26 ./HAL/LCD/lcd.o
                0x00000550                LCD_displayString
 .text.LCD_intgerToString
                0x00000576       0x44 ./HAL/LCD/lcd.o
                0x00000576                LCD_intgerToString
 .text.LCD_sendCommand
                0x000005ba       0x88 ./HAL/LCD/lcd.o
                0x000005ba                LCD_sendCommand
 .text.LCD_goToRowColumn
                0x00000642       0x28 ./HAL/LCD/lcd.o
                0x00000642                LCD_goToRowColumn
 .text.LCD_displayStringRowColumn
                0x0000066a       0x16 ./HAL/LCD/lcd.o
                0x0000066a                LCD_displayStringRowColumn
 .text.LCD_clearScreen
                0x00000680        0x8 ./HAL/LCD/lcd.o
                0x00000680                LCD_clearScreen
 .text.LCD_init
                0x00000688       0x38 ./HAL/LCD/lcd.o
                0x00000688                LCD_init
 .text.potentiometer_app
                0x000006c0       0x4a ./APP/POTENTIOMETER/potentiometer.o
                0x000006c0                potentiometer_app
 .text.blinking_app
                0x0000070a       0x2c ./APP/LED_BLINKING_USING_TIMER0/time0_app_test.o
                0x0000070a                blinking_app
 .text.timer0_app
                0x00000736       0x52 ./APP/LED_BLINKING_USING_TIMER0/time0_app_test.o
                0x00000736                timer0_app
 .text.dio_app  0x00000788       0x46 ./APP/LED_BLINK/dio_test.o
                0x00000788                dio_app
 .text.lcd_test_app
                0x000007ce       0x12 ./APP/LCD_TEST/lcd_test_app.o
                0x000007ce                lcd_test_app
 .text.control_led
                0x000007e0       0x50 ./APP/BUTTON_LED_CONTROL/button_led_control.o
                0x000007e0                control_led
 .text.main     0x00000830        0xa ./main.o
                0x00000830                main
 .text.libgcc   0x0000083a        0x0 c:/winavr-20100110/bin/../lib/gcc/avr/4.3.3/avr5\libgcc.a(_exit.o)
 .text.libgcc   0x0000083a        0x0 c:/winavr-20100110/bin/../lib/gcc/avr/4.3.3/avr5\libgcc.a(_copy_data.o)
 .text.libgcc   0x0000083a        0x0 c:/winavr-20100110/bin/../lib/gcc/avr/4.3.3/avr5\libgcc.a(_clear_bss.o)
 .text.avr-libc
                0x0000083a       0x42 c:/winavr-20100110/bin/../lib/gcc/avr/4.3.3/../../../../avr/lib/avr5\libc.a(itoa.o)
                0x0000083a                itoa
 .text.avr-libc
                0x0000087c       0x20 c:/winavr-20100110/bin/../lib/gcc/avr/4.3.3/../../../../avr/lib/avr5\libc.a(strrev.o)
                0x0000087c                strrev
 .text.libgcc   0x0000089c       0x28 c:/winavr-20100110/bin/../lib/gcc/avr/4.3.3/avr5\libgcc.a(_udivmodhi4.o)
                0x0000089c                __udivmodhi4
                0x000008c4                . = ALIGN (0x2)
 *(.fini9)
 .fini9         0x000008c4        0x0 c:/winavr-20100110/bin/../lib/gcc/avr/4.3.3/avr5\libgcc.a(_exit.o)
                0x000008c4                exit
                0x000008c4                _exit
 *(.fini9)
 *(.fini8)
 *(.fini8)
 *(.fini7)
 *(.fini7)
 *(.fini6)
 *(.fini6)
 *(.fini5)
 *(.fini5)
 *(.fini4)
 *(.fini4)
 *(.fini3)
 *(.fini3)
 *(.fini2)
 *(.fini2)
 *(.fini1)
 *(.fini1)
 *(.fini0)
 .fini0         0x000008c4        0x4 c:/winavr-20100110/bin/../lib/gcc/avr/4.3.3/avr5\libgcc.a(_exit.o)
 *(.fini0)
                0x000008c8                _etext = .

.data           0x00800060        0xc load address 0x000008c8
                0x00800060                PROVIDE (__data_start, .)
 *(.data)
 .data          0x00800060        0x0 c:/winavr-20100110/bin/../lib/gcc/avr/4.3.3/../../../../avr/lib/avr5/crtm16.o
 .data          0x00800060        0x0 ./MCAL/TIMER_0/timer0.o
 .data          0x00800060        0x0 ./MCAL/DIO/DIO.o
 .data          0x00800060        0x0 ./MCAL/ADC/adc.o
 .data          0x00800060        0x0 ./HAL/LCD/lcd.o
 .data          0x00800060        0x0 ./APP/POTENTIOMETER/potentiometer.o
 .data          0x00800060        0x0 ./APP/LED_BLINKING_USING_TIMER0/time0_app_test.o
 .data          0x00800060        0x0 ./APP/LED_BLINK/dio_test.o
 .data          0x00800060        0x6 ./APP/LCD_TEST/lcd_test_app.o
 .data          0x00800066        0x0 ./APP/BUTTON_LED_CONTROL/button_led_control.o
 .data          0x00800066        0x0 ./main.o
 .data          0x00800066        0x0 c:/winavr-20100110/bin/../lib/gcc/avr/4.3.3/avr5\libgcc.a(_exit.o)
 .data          0x00800066        0x0 c:/winavr-20100110/bin/../lib/gcc/avr/4.3.3/avr5\libgcc.a(_copy_data.o)
 .data          0x00800066        0x0 c:/winavr-20100110/bin/../lib/gcc/avr/4.3.3/avr5\libgcc.a(_clear_bss.o)
 .data          0x00800066        0x0 c:/winavr-20100110/bin/../lib/gcc/avr/4.3.3/../../../../avr/lib/avr5\libc.a(itoa.o)
 .data          0x00800066        0x0 c:/winavr-20100110/bin/../lib/gcc/avr/4.3.3/../../../../avr/lib/avr5\libc.a(strrev.o)
 .data          0x00800066        0x0 c:/winavr-20100110/bin/../lib/gcc/avr/4.3.3/avr5\libgcc.a(_udivmodhi4.o)
 *(.data*)
 *(.rodata)
 *(.rodata*)
 .rodata.C.0.1292
                0x00800066        0x3 ./APP/POTENTIOMETER/potentiometer.o
 .rodata.C.2.1335
                0x00800069        0x3 ./APP/LED_BLINKING_USING_TIMER0/time0_app_test.o
 *(.gnu.linkonce.d*)
                0x0080006c                . = ALIGN (0x2)
                0x0080006c                _edata = .
                0x0080006c                PROVIDE (__data_end, .)

.bss            0x0080006c        0x3
                0x0080006c                PROVIDE (__bss_start, .)
 *(.bss)
 .bss           0x0080006c        0x0 c:/winavr-20100110/bin/../lib/gcc/avr/4.3.3/../../../../avr/lib/avr5/crtm16.o
 .bss           0x0080006c        0x0 ./MCAL/TIMER_0/timer0.o
 .bss           0x0080006c        0x0 ./MCAL/DIO/DIO.o
 .bss           0x0080006c        0x0 ./MCAL/ADC/adc.o
 .bss           0x0080006c        0x0 ./HAL/LCD/lcd.o
 .bss           0x0080006c        0x0 ./APP/POTENTIOMETER/potentiometer.o
 .bss           0x0080006c        0x0 ./APP/LED_BLINKING_USING_TIMER0/time0_app_test.o
 .bss           0x0080006c        0x0 ./APP/LED_BLINK/dio_test.o
 .bss           0x0080006c        0x0 ./APP/LCD_TEST/lcd_test_app.o
 .bss           0x0080006c        0x0 ./APP/BUTTON_LED_CONTROL/button_led_control.o
 .bss           0x0080006c        0x0 ./main.o
 .bss           0x0080006c        0x0 c:/winavr-20100110/bin/../lib/gcc/avr/4.3.3/avr5\libgcc.a(_exit.o)
 .bss           0x0080006c        0x0 c:/winavr-20100110/bin/../lib/gcc/avr/4.3.3/avr5\libgcc.a(_copy_data.o)
 .bss           0x0080006c        0x0 c:/winavr-20100110/bin/../lib/gcc/avr/4.3.3/avr5\libgcc.a(_clear_bss.o)
 .bss           0x0080006c        0x0 c:/winavr-20100110/bin/../lib/gcc/avr/4.3.3/../../../../avr/lib/avr5\libc.a(itoa.o)
 .bss           0x0080006c        0x0 c:/winavr-20100110/bin/../lib/gcc/avr/4.3.3/../../../../avr/lib/avr5\libc.a(strrev.o)
 .bss           0x0080006c        0x0 c:/winavr-20100110/bin/../lib/gcc/avr/4.3.3/avr5\libgcc.a(_udivmodhi4.o)
 *(.bss*)
 .bss.g_callbackPtr
                0x0080006c        0x2 ./MCAL/TIMER_0/timer0.o
 .bss.tick      0x0080006e        0x1 ./APP/LED_BLINKING_USING_TIMER0/time0_app_test.o
                0x0080006e                tick
 *(COMMON)
                0x0080006f                PROVIDE (__bss_end, .)
                0x000008c8                __data_load_start = LOADADDR (.data)
                0x000008d4                __data_load_end = (__data_load_start + SIZEOF (.data))

.noinit         0x0080006f        0x0
                0x0080006f                PROVIDE (__noinit_start, .)
 *(.noinit*)
                0x0080006f                PROVIDE (__noinit_end, .)
                0x0080006f                _end = .
                0x0080006f                PROVIDE (__heap_start, .)

.eeprom         0x00810000        0x0
 *(.eeprom*)
                0x00810000                __eeprom_end = .

.fuse
 *(.fuse)
 *(.lfuse)
 *(.hfuse)
 *(.efuse)

.lock
 *(.lock*)

.signature
 *(.signature*)

.stab
 *(.stab)

.stabstr
 *(.stabstr)

.stab.excl
 *(.stab.excl)

.stab.exclstr
 *(.stab.exclstr)

.stab.index
 *(.stab.index)

.stab.indexstr
 *(.stab.indexstr)

.comment
 *(.comment)

.debug
 *(.debug)

.line
 *(.line)

.debug_srcinfo
 *(.debug_srcinfo)

.debug_sfnames
 *(.debug_sfnames)

.debug_aranges
 *(.debug_aranges)

.debug_pubnames
 *(.debug_pubnames)

.debug_info
 *(.debug_info)
 *(.gnu.linkonce.wi.*)

.debug_abbrev
 *(.debug_abbrev)

.debug_line
 *(.debug_line)

.debug_frame
 *(.debug_frame)

.debug_str
 *(.debug_str)

.debug_loc
 *(.debug_loc)

.debug_macinfo
 *(.debug_macinfo)
OUTPUT(avr_layered_architecture.elf elf32-avr)
LOAD linker stubs
